// Jest Snapshot v1, https://goo.gl/fbAQLP

exports[`should correctly render expenses summary with multiple expense 1`] = `
<div>
  <h1>
    Viewing 
    2
     
    expenses
     totalling 
    $3.45
  </h1>
</div>
`;

exports[`should correctly render expenses summary with one expense 1`] = `
<div>
  <h1>
    Viewing 
    1
     
    expense
     totalling 
    $2.35
  </h1>
</div>
`;
