// Jest Snapshot v1, https://goo.gl/fbAQLP

exports[`Should render a list item 1`] = `
<Link
  className="list-item"
  replace={false}
  to="/edit/undefined"
>
  <div>
    <h3
      className="list-item__title"
    />
    <span
      className="list-item__subtitle"
    >
       
      January 1st, 1970
    </span>
  </div>
  <h3
    className="list-item__data"
  >
    â‚¹0.00
  </h3>
</Link>
`;
