// Jest Snapshot v1, https://goo.gl/fbAQLP

exports[`The not found page should render correctly 1`] = `
<div>
  404 - 
  <Link
    replace={false}
    to="/"
  >
    Go Home 
  </Link>
</div>
`;
